$ bun run --filter '*' typecheck && tsc -p scripts/tsconfig.json --noEmit
reactor-effect-test-kit typecheck: Exited with code 0
reactor-effect-client typecheck: Exited with code 0
reactor-effect-client-examples typecheck: Exited with code 0
reactor-effect-browser typecheck: Exited with code 0
reactor-effect-native typecheck: Exited with code 0
reactor-effect-native-examples typecheck: Exited with code 0
reactor-effect-browser-examples typecheck: Exited with code 0
reactor-effect-example-livestream typecheck: Exited with code 0
reactor-effect-integration typecheck: Exited with code 0
$ oxlint -c .oxlintrc.json --deny-warnings --ignore-pattern 'release-tools/**' .
bun test v1.4.2 (744846f84)

integration/test/hosted-renewal.test.ts:
(pass) renewal elapsed clock ignores wall corrections and injects the same origin into media readers [8.24ms]
(pass) attribution preserves objects and resets recorder accounting at source and generation boundaries [1.65ms]
(pass) complete legacy renewal evidence encodes, while absent milestone fields remain valid incomplete checkpoints [7.01ms]
(pass) renewal refuses incomplete or contradictory evidence even when supplied criteria all pass [1.76ms]
(pass) handoff codec rejects impossible count and grace claims [1.29ms]
(pass) a partial new two-session paid run retains the full ceiling without a reservation [0.09ms]
(pass) every committed historical ledger still decodes and preserves its reservation [7.08ms]
(pass) canonical owned cleanup rejects contradictory confirmation and failed required evidence [0.72ms]
(pass) continuous summary reconciles compaction with original source reports and gates paid qualification [1.19ms]
(pass) continuous omissions cannot replace missing canonical cleanup or hide incomplete retained evidence [0.54ms]
(pass) constructor schema requires its actual retention settings [0.38ms]

integration/test/hosted-evidence.test.ts:
(pass) a complete run encodes to JSON and decodes back unchanged [0.38ms]
(pass) a run missing any required field fails as incomplete, whatever else passed [0.05ms]
(pass) audio is required only when the session offered it, and takeover needs its own fields [0.04ms]
(pass) the resume check needs the takeover's fields and the library's own close report [0.02ms]
(pass) the audio check also needs the deployment's declaration and what the clip reports [0.97ms]
(pass) a stop rule, a failed criterion, a failure and no criteria each fail the run [0.08ms]
(pass) the writer claims a new file, replaces it atomically, and refuses a credential [2.89ms]
(pass) the ledger reserves each paid run's worst case and refuses unreadable evidence [1.04ms]
(pass) scheduler evidence requires a separately confirmed replacement close [0.13ms]
(pass) one run at a time holds the ledger [1.45ms]
(pass) the summary names every run and what each saw [0.12ms]

integration/test/hosted-gates.test.ts:
(pass) paid use needs a check, the authorization flag, bounded budgets, a ledger and a network [0.73ms]
(pass) an unknown argument refuses, so a misspelled budget is never ignored [0.04ms]
(pass) session time bills by the minute, a started minute whole [0.02ms]
(pass) the published rate must fit the whole capped session, billed by the minute [0.08ms]
(pass) the scheduler check alone can authorize two capped sessions [0.09ms]
(pass) the ledger admits a run only while every reserved worst case fits the total [0.03ms]
(pass) a token that grants more than one capped session is refused [0.04ms]
(pass) an unknown outcome or an unconfirmed termination stops the check [0.02ms]
(pass) live video is BGRA, lit and changing [0.04ms]
(pass) the relay check runs only while no earlier paid run selected a relay pair [0.03ms]
(pass) the runner refuses without an explicit authorization, before any request [118.86ms]
(pass) public scheduler renewal reserves two sessions under its own discriminator [0.10ms]
(pass) public renewal refuses a different nominal cap and paid constructor overrides [0.30ms]

 35 pass
 0 fail
 160 expect() calls
Ran 35 tests across 3 files. [336.00ms]
